// Jest Snapshot v1, https://goo.gl/fbAQLP

exports[`TagTemplate renders correctly 1`] = `
<div
  className="layout"
>
  <StaticQuery
    render={[Function]}
  />
  <main
    className="layout__main"
  >
    <div
      className="listing"
    >
      <h1
        className="listing__title"
      >
        #test
      </h1>
      <ul
        className="feed"
      >
        <li
          className="feed__item"
        >
          <article
            className="card"
          >
            <div
              aria-hidden="true"
              className="card__thumb card__thumb--generated"
              style={
                Object {
                  "backgroundImage": "linear-gradient(135deg, #F8F9FA 0%, #E9ECEF 100%)",
                  "color": "#495057",
                }
              }
            >
              <span
                className="card__thumb-title"
              >
                test_0
              </span>
            </div>
            <div
              className="card__body"
            >
              <Link
                className="card__category"
                style={
                  Object {
                    "backgroundColor": "#F1F3F5",
                    "color": "#495057",
                  }
                }
                to="/test"
              >
                test
              </Link>
              <h2
                className="card__title"
              >
                <Link
                  className="card__title-link"
                  to="/test_0"
                >
                  test_0
                </Link>
              </h2>
              <p
                className="card__description"
              >
                test_0
              </p>
              <time
                className="card__date"
                dateTime="2016-09-01"
              >
                2016년 9월 1일
              </time>
            </div>
          </article>
        </li>
        <li
          className="feed__item"
        >
          <article
            className="card"
          >
            <div
              aria-hidden="true"
              className="card__thumb card__thumb--generated"
              style={
                Object {
                  "backgroundImage": "linear-gradient(135deg, #F8F9FA 0%, #E9ECEF 100%)",
                  "color": "#495057",
                }
              }
            >
              <span
                className="card__thumb-title"
              >
                test_1
              </span>
            </div>
            <div
              className="card__body"
            >
              <Link
                className="card__category"
                style={
                  Object {
                    "backgroundColor": "#F1F3F5",
                    "color": "#495057",
                  }
                }
                to="/test"
              >
                test
              </Link>
              <h2
                className="card__title"
              >
                <Link
                  className="card__title-link"
                  to="/test_1"
                >
                  test_1
                </Link>
              </h2>
              <p
                className="card__description"
              >
                test_1
              </p>
              <time
                className="card__date"
                dateTime="2016-09-01"
              >
                2016년 9월 1일
              </time>
            </div>
          </article>
        </li>
      </ul>
      <div
        className="pagination"
      >
        <div
          className="pagination__prev"
        >
          <Link
            className="pagination__prev-link"
            rel="prev"
            to="/page/1"
          >
            ← 이전 페이지
          </Link>
        </div>
        <div
          className="pagination__next"
        >
          <Link
            className="pagination__next-link"
            rel="next"
            to="/page/3"
          >
            다음 페이지 →
          </Link>
        </div>
      </div>
    </div>
  </main>
  <StaticQuery
    render={[Function]}
  />
</div>
`;
