// Jest Snapshot v1, https://goo.gl/fbAQLP

exports[`Feed renders correctly 1`] = `
<ul
  className="feed"
>
  <li
    className="feed__item"
  >
    <article
      className="card"
    >
      <div
        className="card__thumb"
        style={
          Object {
            "backgroundImage": "linear-gradient(135deg, #F8F9FA 0%, #E9ECEF 100%)",
          }
        }
      >
        <h2
          className="card__title"
        >
          <Link
            className="card__title-link"
            style={
              Object {
                "color": "#495057",
              }
            }
            to="/test_0"
          >
            test_0
          </Link>
        </h2>
      </div>
      <div
        className="card__body"
      >
        <Link
          className="card__category"
          style={
            Object {
              "backgroundColor": "#F1F3F5",
              "color": "#495057",
            }
          }
          to="/test_0"
        >
          test_0
        </Link>
        <p
          className="card__description"
        >
          test_0
        </p>
        <time
          className="card__date"
          dateTime="2016-09-01"
        >
          2016년 9월 1일
        </time>
      </div>
    </article>
  </li>
  <li
    className="feed__item"
  >
    <article
      className="card"
    >
      <div
        className="card__thumb"
        style={
          Object {
            "backgroundImage": "linear-gradient(135deg, #E6FCF5 0%, #C3FAE8 100%)",
          }
        }
      >
        <h2
          className="card__title"
        >
          <Link
            className="card__title-link"
            style={
              Object {
                "color": "#087F5B",
              }
            }
            to="/test_1"
          >
            test_1
          </Link>
        </h2>
      </div>
      <div
        className="card__body"
      >
        <Link
          className="card__category"
          style={
            Object {
              "backgroundColor": "#E6FCF5",
              "color": "#087F5B",
            }
          }
          to="/test_1"
        >
          AI
        </Link>
        <p
          className="card__description"
        >
          test_1
        </p>
        <time
          className="card__date"
          dateTime="2016-09-01"
        >
          2016년 9월 1일
        </time>
      </div>
    </article>
  </li>
</ul>
`;
