// Jest Snapshot v1, https://goo.gl/fbAQLP

exports[`Feed renders correctly 1`] = `
<ul
  className="feed"
>
  <li
    className="feed__item"
  >
    <article
      className="card"
    >
      <div
        aria-hidden="true"
        className="card__thumb card__thumb--generated"
        style={
          Object {
            "backgroundImage": "linear-gradient(135deg, #F8F9FA 0%, #E9ECEF 100%)",
            "color": "#495057",
          }
        }
      >
        <span
          className="card__thumb-title"
        >
          test_0
        </span>
      </div>
      <div
        className="card__body"
      >
        <Link
          className="card__category"
          style={
            Object {
              "backgroundColor": "#F1F3F5",
              "color": "#495057",
            }
          }
          to="/test_0"
        >
          test_0
        </Link>
        <h2
          className="card__title"
        >
          <Link
            className="card__title-link"
            to="/test_0"
          >
            test_0
          </Link>
        </h2>
        <p
          className="card__description"
        >
          test_0
        </p>
        <time
          className="card__date"
          dateTime="2016-09-01"
        >
          2016년 9월 1일
        </time>
      </div>
    </article>
  </li>
  <li
    className="feed__item"
  >
    <article
      className="card"
    >
      <div
        className="card__thumb card__thumb--vector"
      >
        <img
          alt=""
          className="card__thumb-image"
          loading="lazy"
          src="/media/test_1.svg"
        />
      </div>
      <div
        className="card__body"
      >
        <Link
          className="card__category"
          style={
            Object {
              "backgroundColor": "#E6FCF5",
              "color": "#087F5B",
            }
          }
          to="/test_1"
        >
          AI
        </Link>
        <h2
          className="card__title"
        >
          <Link
            className="card__title-link"
            to="/test_1"
          >
            test_1
          </Link>
        </h2>
        <p
          className="card__description"
        >
          test_1
        </p>
        <time
          className="card__date"
          dateTime="2016-09-01"
        >
          2016년 9월 1일
        </time>
      </div>
    </article>
  </li>
  <li
    className="feed__item"
  >
    <article
      className="card"
    >
      <div
        className="card__thumb "
      >
        <img
          alt=""
          className="card__thumb-image"
          loading="lazy"
          src="https://example.com/test_2.png"
        />
      </div>
      <div
        className="card__body"
      >
        <Link
          className="card__category"
          style={
            Object {
              "backgroundColor": "#FFF0F6",
              "color": "#A61E4D",
            }
          }
          to="/test_2"
        >
          MobX
        </Link>
        <h2
          className="card__title"
        >
          <Link
            className="card__title-link"
            to="/test_2"
          >
            test_2
          </Link>
        </h2>
        <p
          className="card__description"
        >
          test_2
        </p>
        <time
          className="card__date"
          dateTime="2016-09-01"
        >
          2016년 9월 1일
        </time>
      </div>
    </article>
  </li>
</ul>
`;
